
DDL Start:  insert into industry tables..................................................................

2 rows created.




DISABLE Constratins:.................................................

Table altered.


Table altered.


Table altered.


Table altered.





DDL: Insert into location table......................................

1 row created.




DDL: Insert into company table........................................

1 row created.




Update the locations table with company_id............................
old   1: update location  set company_id=(select company_id from company where company_name='&my_company') where company_id=1 and  city!='Sample City'
new   1: update location  set company_id=(select company_id from company where company_name='Medium Company') where company_id=1 and  city!='Sample City'

1 row updated.


Commit complete.




Update the company table with location_id.............................
old   1: update company a  set a.location_id = (select b.location_id from location b where b.company_id=a.company_id) where a.company_name='&my_company'
new   1: update company a  set a.location_id = (select b.location_id from location b where b.company_id=a.company_id) where a.company_name='Medium Company'
update company a  set a.location_id = (select b.location_id from location b where b.company_id=a.company_id) where a.company_name='Medium Company'
                                       *
ERROR at line 1:
ORA-01427: single-row subquery returns more than one row 



Commit complete.




Enable the constraints................................................

Table altered.


Table altered.


Table altered.


Table altered.




Update Department_temp table with the compnay info...................
old   1: update department_temp set company_name='&my_company'
new   1: update department_temp set company_name='Medium Company'

2 rows updated.


Commit complete.




Insert into department table........................................
old   1: insert into department(dept_id,dept_name,dept_desc,dept_type,company_id,start_date,end_date) select dept_id_seq.nextval,a.dept_name,a.dept_desc,a.dept_type,b.company_id,sysdate,to_date('12-31-9999','mm-dd-yyyy') from department_temp a, company b where b.company_name='&my_company'
new   1: insert into department(dept_id,dept_name,dept_desc,dept_type,company_id,start_date,end_date) select dept_id_seq.nextval,a.dept_name,a.dept_desc,a.dept_type,b.company_id,sysdate,to_date('12-31-9999','mm-dd-yyyy') from department_temp a, company b where b.company_name='Medium Company'

2 rows created.


Commit complete.




Update the emp_temp table with company_id, location_id, dept_id.......
old   1: update emp_temp a set a.company_id = (select b.company_id from company b where b.company_name='&my_company')
new   1: update emp_temp a set a.company_id = (select b.company_id from company b where b.company_name='Medium Company')

5 rows updated.

old   1: update emp_temp a set a.location_id= ( select b.location_id from company b where b.company_name='&my_company')
new   1: update emp_temp a set a.location_id= ( select b.location_id from company b where b.company_name='Medium Company')

5 rows updated.

old   1: update emp_temp a set a.dept_id=(select b.dept_id from department b where a.dept_name=b.dept_name and b.company_id=(select company_id from company where company_name='&my_company'))
new   1: update emp_temp a set a.dept_id=(select b.dept_id from department b where a.dept_name=b.dept_name and b.company_id=(select company_id from company where company_name='Medium Company'))
update emp_temp a set a.dept_id=(select b.dept_id from department b where a.dept_name=b.dept_name and b.company_id=(select company_id from company where company_name='Medium Company'))
                                 *
ERROR at line 1:
ORA-01427: single-row subquery returns more than one row 



5 rows updated.


Commit complete.




Insert into the employee table...................................
select emp_id_seq.nextval, a.first_name, a.middle_name, a.last_name, a.gender, a.company_id, a.dept_id, a.email_addr,1,'N',a.location_id,1, sysdate,to_date('12-31-9999','mm-dd-yyyy'),a.mgr_email_addr
                                                                                             *
ERROR at line 2:
ORA-01400: cannot insert NULL into ("DTM_DEV"."EMPLOYEE"."DEPT_ID") 



Commit complete.




Update the employee table with managerid and manger yn ............
old   2: where company_id= (select company_id from company where company_name='&my_company')
new   2: where company_id= (select company_id from company where company_name='Medium Company')

31 rows updated.


13 rows updated.


Commit complete.



